// Bun Snapshot v1, https://bun.sh/docs/test/snapshots

exports[`chapter 11's scene the scene is the bus, a cube per rider place, prompt tokens, the queue, crates and stop 1`] = `
{
  "bus.body": 1,
  "bus.frame": 1,
  "bus.glass": 1,
  "bus.hubs": 1,
  "bus.rack": 1,
  "bus.seat.0": 1,
  "bus.seat.1": 1,
  "bus.seat.10": 1,
  "bus.seat.11": 1,
  "bus.seat.12": 1,
  "bus.seat.13": 1,
  "bus.seat.14": 1,
  "bus.seat.15": 1,
  "bus.seat.2": 1,
  "bus.seat.3": 1,
  "bus.seat.4": 1,
  "bus.seat.5": 1,
  "bus.seat.6": 1,
  "bus.seat.7": 1,
  "bus.seat.8": 1,
  "bus.seat.9": 1,
  "bus.trim": 1,
  "bus.wheels": 1,
  "crate (block, slot 4)": 1,
  "crate (block, slot 5)": 1,
  "crate (block, slot 6)": 1,
  "crate (block, slot 7)": 1,
  "crate (block, slot 8)": 1,
  "rider (block, slot 1)": 336,
  "stop (block, slot 10)": 1,
  "stop (block, slot 9)": 1,
  "token (block, slot 2)": 256,
  "waiting (block, slot 3)": 210,
}
`;
