// Bun Snapshot v1, https://bun.sh/docs/test/snapshots

exports[`chapter 2's loop the hero frame: every pin, the loop's two words down, arrows grown 1`] = `
[
  "cat",
  "kitten",
  "dog",
  "puppy",
  "mom",
  "dad",
  "happy",
  "glad",
  "sad",
  "upset",
  "big",
  "large",
  "small",
  "little",
  "boy",
  "girl",
  "run",
  "walk",
  "jump",
  "hop",
  "mother",
  "father",
  "brother",
  "sister",
  "green",
  "yellow",
  "apple",
  "banana",
  "cake",
  "cookie",
  "car",
  "truck",
  "bird",
  "duck",
  "tree",
  "flower",
  "sun",
  "moon",
  "day",
  "night",
  "king",
  "queen",
  "cup",
  "bowl",
  "fast",
  "quick",
  "scared",
  "afraid",
  "angry",
  "mad",
  "pretty",
  "beautiful",
  "said",
  "asked",
  "park",
  "garden",
  "he",
  "she",
  "eat",
  "drink",
]
`;
