// Bun Snapshot v1, https://bun.sh/docs/test/snapshots

exports[`the scene is built from its declared primitives, in stable slots 1`] = `
[
  [
    "shadow",
    "shadow",
    65,
  ],
  [
    "readout.shadow",
    "shadow",
    65,
  ],
  [
    "panel.housing",
    "block",
    0,
  ],
  [
    "panel.rim.0",
    "block",
    0,
  ],
  [
    "panel.rim.1",
    "block",
    0,
  ],
  [
    "panel.rim.2",
    "block",
    0,
  ],
  [
    "panel.rim.3",
    "block",
    0,
  ],
  [
    "panel.leg.0",
    "block",
    0,
  ],
  [
    "panel.leg.1",
    "block",
    0,
  ],
  [
    "panel.lamp.0",
    "block",
    1,
  ],
  [
    "panel.lamp.1",
    "block",
    2,
  ],
  [
    "panel.lamp.2",
    "block",
    3,
  ],
  [
    "panel.lamp.3",
    "block",
    4,
  ],
  [
    "panel.lamp.4",
    "block",
    5,
  ],
  [
    "panel.lamp.5",
    "block",
    6,
  ],
  [
    "panel.lamp.6",
    "block",
    7,
  ],
  [
    "panel.lamp.7",
    "block",
    8,
  ],
  [
    "panel.lamp.8",
    "block",
    9,
  ],
  [
    "panel.lamp.9",
    "block",
    10,
  ],
  [
    "panel.lamp.10",
    "block",
    11,
  ],
  [
    "panel.lamp.11",
    "block",
    12,
  ],
  [
    "panel.lamp.12",
    "block",
    13,
  ],
  [
    "panel.lamp.13",
    "block",
    14,
  ],
  [
    "panel.lamp.14",
    "block",
    15,
  ],
  [
    "panel.lamp.15",
    "block",
    16,
  ],
  [
    "panel.lamp.16",
    "block",
    17,
  ],
  [
    "panel.lamp.17",
    "block",
    18,
  ],
  [
    "panel.lamp.18",
    "block",
    19,
  ],
  [
    "panel.lamp.19",
    "block",
    20,
  ],
  [
    "panel.lamp.20",
    "block",
    21,
  ],
  [
    "panel.lamp.21",
    "block",
    22,
  ],
  [
    "panel.lamp.22",
    "block",
    23,
  ],
  [
    "panel.lamp.23",
    "block",
    24,
  ],
  [
    "panel.push.0",
    "tube",
    25,
  ],
  [
    "panel.push.1",
    "tube",
    26,
  ],
  [
    "panel.push.2",
    "tube",
    27,
  ],
  [
    "panel.push.3",
    "tube",
    28,
  ],
  [
    "panel.push.4",
    "tube",
    29,
  ],
  [
    "panel.push.5",
    "tube",
    30,
  ],
  [
    "panel.push.6",
    "tube",
    31,
  ],
  [
    "panel.push.7",
    "tube",
    32,
  ],
  [
    "panel.push.8",
    "tube",
    33,
  ],
  [
    "panel.push.9",
    "tube",
    34,
  ],
  [
    "panel.push.10",
    "tube",
    35,
  ],
  [
    "panel.push.11",
    "tube",
    36,
  ],
  [
    "panel.push.12",
    "tube",
    37,
  ],
  [
    "panel.push.13",
    "tube",
    38,
  ],
  [
    "panel.push.14",
    "tube",
    39,
  ],
  [
    "panel.push.15",
    "tube",
    40,
  ],
  [
    "panel.push.16",
    "tube",
    41,
  ],
  [
    "panel.push.17",
    "tube",
    42,
  ],
  [
    "panel.push.18",
    "tube",
    43,
  ],
  [
    "panel.push.19",
    "tube",
    44,
  ],
  [
    "panel.push.20",
    "tube",
    45,
  ],
  [
    "panel.push.21",
    "tube",
    46,
  ],
  [
    "panel.push.22",
    "tube",
    47,
  ],
  [
    "panel.push.23",
    "tube",
    48,
  ],
  [
    "arrow",
    "tube",
    49,
  ],
  [
    "arrow.1",
    "tube",
    50,
  ],
  [
    "arrow.2",
    "tube",
    51,
  ],
  [
    "arrow.3",
    "tube",
    52,
  ],
  [
    "arrow.4",
    "tube",
    53,
  ],
  [
    "arrow.5",
    "tube",
    54,
  ],
  [
    "arrow.6",
    "tube",
    55,
  ],
  [
    "arrow.7",
    "tube",
    56,
  ],
  [
    "arrow.tip",
    "block",
    56,
  ],
  [
    "readout.0",
    "block",
    57,
  ],
  [
    "readout.1",
    "block",
    58,
  ],
  [
    "readout.plinth",
    "block",
    59,
  ],
  [
    "readout.track.0",
    "block",
    59,
  ],
  [
    "readout.track.1",
    "block",
    59,
  ],
  [
    "teaser.0",
    "block",
    59,
  ],
  [
    "teaser.1",
    "block",
    59,
  ],
  [
    "teaser.2",
    "block",
    59,
  ],
  [
    "teaser.3",
    "block",
    59,
  ],
  [
    "teaser.link.0",
    "tube",
    60,
  ],
  [
    "teaser.link.1",
    "tube",
    61,
  ],
  [
    "teaser.link.2",
    "tube",
    62,
  ],
  [
    "teaser.link.3",
    "tube",
    63,
  ],
  [
    "teaser.link.4",
    "tube",
    64,
  ],
]
`;
