// Bun Snapshot v1, https://bun.sh/docs/test/snapshots

exports[`the scene is built from its declared primitives, in stable slots 1`] = `
[
  [
    "shadow",
    "shadow",
    24,
  ],
  [
    "station.0",
    "block",
    0,
  ],
  [
    "station.0.post",
    "block",
    0,
  ],
  [
    "station.1",
    "block",
    0,
  ],
  [
    "station.1.post",
    "block",
    0,
  ],
  [
    "station.2",
    "block",
    0,
  ],
  [
    "station.2.post",
    "block",
    0,
  ],
  [
    "station.3",
    "block",
    0,
  ],
  [
    "station.3.post",
    "block",
    0,
  ],
  [
    "pipe",
    "tube",
    1,
  ],
  [
    "pipe.1",
    "tube",
    2,
  ],
  [
    "pipe.2",
    "tube",
    3,
  ],
  [
    "pipe.3",
    "tube",
    4,
  ],
  [
    "pipe.4",
    "tube",
    5,
  ],
  [
    "river.stretch.0",
    "block",
    6,
  ],
  [
    "river.stretch.1",
    "block",
    7,
  ],
  [
    "river.stretch.2",
    "block",
    8,
  ],
  [
    "river.stretch.3",
    "block",
    9,
  ],
  [
    "river.stretch.4",
    "block",
    10,
  ],
  [
    "river.pour.0",
    "tube",
    11,
  ],
  [
    "river.pour.1",
    "tube",
    12,
  ],
  [
    "river.pour.2",
    "tube",
    13,
  ],
  [
    "river.pour.3",
    "tube",
    14,
  ],
  [
    "knob.0.dial",
    "tube",
    15,
  ],
  [
    "knob.0.pointer",
    "block",
    16,
  ],
  [
    "knob.1.dial",
    "tube",
    17,
  ],
  [
    "knob.1.pointer",
    "block",
    18,
  ],
  [
    "knob.2.dial",
    "tube",
    19,
  ],
  [
    "knob.2.pointer",
    "block",
    20,
  ],
  [
    "knob.3.dial",
    "tube",
    21,
  ],
  [
    "knob.3.pointer",
    "block",
    22,
  ],
  [
    "readout",
    "block",
    23,
  ],
]
`;
