// Bun Snapshot v1, https://bun.sh/docs/test/snapshots

exports[`chapter 12's numbers equal their sources the hero frame's parts, and the failure beat's words 1`] = `
[
  [
    "shadow",
    "shadow",
    40,
  ],
  [
    "shadow.0",
    "shadow",
    40,
  ],
  [
    "shadow.1",
    "shadow",
    40,
  ],
  [
    "shadow.2",
    "shadow",
    40,
  ],
  [
    "shadow.3",
    "shadow",
    40,
  ],
  [
    "shadow.4",
    "shadow",
    40,
  ],
  [
    "shadow.5",
    "shadow",
    40,
  ],
  [
    "board",
    "block",
    0,
  ],
  [
    "board.leg.0",
    "block",
    0,
  ],
  [
    "board.leg.1",
    "block",
    0,
  ],
  [
    "board.zero",
    "block",
    0,
  ],
  [
    "bar.0",
    "block",
    1,
  ],
  [
    "bar.1",
    "block",
    2,
  ],
  [
    "bar.2",
    "block",
    3,
  ],
  [
    "bar.3",
    "block",
    4,
  ],
  [
    "bar.4",
    "block",
    5,
  ],
  [
    "bar.5",
    "block",
    6,
  ],
  [
    "bar.6",
    "block",
    7,
  ],
  [
    "bar.7",
    "block",
    8,
  ],
  [
    "bar.8",
    "block",
    9,
  ],
  [
    "bar.9",
    "block",
    10,
  ],
  [
    "bar.10",
    "block",
    11,
  ],
  [
    "bar.11",
    "block",
    12,
  ],
  [
    "bar.12",
    "block",
    13,
  ],
  [
    "bar.13",
    "block",
    14,
  ],
  [
    "bar.14",
    "block",
    15,
  ],
  [
    "bar.15",
    "block",
    16,
  ],
  [
    "bar.16",
    "block",
    17,
  ],
  [
    "bar.17",
    "block",
    18,
  ],
  [
    "bar.18",
    "block",
    19,
  ],
  [
    "bar.19",
    "block",
    20,
  ],
  [
    "bar.20",
    "block",
    21,
  ],
  [
    "bar.21",
    "block",
    22,
  ],
  [
    "bar.22",
    "block",
    23,
  ],
  [
    "bar.23",
    "block",
    24,
  ],
  [
    "bar.24",
    "block",
    25,
  ],
  [
    "bar.25",
    "block",
    26,
  ],
  [
    "bar.26",
    "block",
    27,
  ],
  [
    "bar.27",
    "block",
    28,
  ],
  [
    "bar.28",
    "block",
    29,
  ],
  [
    "bar.29",
    "block",
    30,
  ],
  [
    "bar.30",
    "block",
    31,
  ],
  [
    "bar.31",
    "block",
    32,
  ],
  [
    "lens",
    "block",
    33,
  ],
  [
    "lens.leg.0",
    "block",
    33,
  ],
  [
    "lens.leg.1",
    "block",
    33,
  ],
  [
    "lens.grid.0",
    "block",
    34,
  ],
  [
    "lens.grid.1",
    "block",
    34,
  ],
  [
    "lens.grid.2",
    "block",
    34,
  ],
  [
    "lens.grid.3",
    "block",
    34,
  ],
  [
    "lens.grid.4",
    "block",
    34,
  ],
  [
    "lens.grid.5",
    "block",
    34,
  ],
  [
    "lens.grid.6",
    "block",
    34,
  ],
  [
    "lens.grid.7",
    "block",
    34,
  ],
  [
    "lens.grid.8",
    "block",
    34,
  ],
  [
    "lens.ghost",
    "block",
    36,
  ],
  [
    "lens.marker",
    "block",
    35,
  ],
  [
    "machine.0",
    "block",
    38,
  ],
  [
    "machine.lamp.0",
    "block",
    39,
  ],
  [
    "machine.1",
    "block",
    38,
  ],
  [
    "machine.lamp.1",
    "block",
    39,
  ],
  [
    "crate.16",
    "block",
    37,
  ],
  [
    "crate.8",
    "block",
    37,
  ],
]
`;
